$THE NORTH
HF:Haunted Forest
NO:The North
II:Iron Islands
SK:Skagos
$THE SOUTH
RL:Riverlands
VA:Vale of Arryn
WL:Westerlands
RE:The Reach
SL:Stormlands
DO:Dorne
CL:Crownlands
$FREE CITIES
BA:Braavos
PE:Pentos
MY:Myr
QO:Qohor
TY:Tyrosh
VO:Volantis
$DOTHRAKI SEA
SB:Slavers Bay
VD:Vaes Dothrak
KS:Kingdom of Sarnor
RW:The Red Waste
YT:Yi Ti
$VALYRIA
LS:Land of Long Summer
VY:Valyria
$SOTHORYOS
BP:Basilisk Point
WP:Wyvern Point
&
NO HF II SK w BA
II HF w WL
SK w BA
RL VA CL WL
VA w NO CL
WL RE
RE CL SL
SL CL DO
DO RE
BA PE QO
PE w CL QO MY TY
MY QO TY
QO w KS
TY w SL
VO QO MY w LS
SB RW w LS VD KS
VD KS RW YT
RW YT
LS VY
VY w RW
%
-------------------------------THE NORTH--------------------------------------
HF:Haunted Forest  NO:The North       II:Iron Islands        SK:Skagos

-------------------------------THE SOUTH--------------------------------------
RL:Riverlands      VA:Vale of Arryn   WL:Westerlands         RE:The Reach
SL:Stormlands      DO:Dorne           CL:Crownlands

-------------------------------FREE CITIES------------------------------------
BA:Braavos         PE:Pentos          MY:Myr                 QO:Qohor   
TY:Tyrosh          VO:Volantis

-------------------------------DOTHRAKI SEA-----------------------------------
SB:Slavers Bay     VD:Vaes Dothrak    KS:Kingdom of Sarnor   RW:The Red Waste
YT:Yi Ti

-------------------------------VALYRIA----------------------------------------
LS:Land of Long Summer                VY:Valyria

   HF  
  / |   SK=
 II |  /   ==
  \ | /      =
   NO= = = = = BA      
  =  =         | \        KS-----VD-----YT
 =     =       |  \      = \    / \    /
WL--RL--VA     |   \    =   \  /   \  /
 \   \  /      |    \  =     \/     \/
  \   CL=======PE---QO       SB-----RW
   \ /  \      | \   \       =      =
    RE--SL=    |  \   \      =      =
    |  /   ==  |   \   \     =      =
    DO       = TY--MY--VO====LS-----VY     
                          