$THE NORTH
HF:Haunted Forest
NO:The North
II:Iron Islands
SK:Skagos
$THE SOUTH
RL:Riverlands
VA:Vale of Arryn
WL:Westerlands
RE:The Reach
SL:Stormlands
DO:Dorne
CL:Crownlands
$FREE CITIES
BA:Braavos
PE:Pentos
MY:Myr
QO:Qohor
TY:Tyrosh
VO:Volantis
$DOTHRAKI SEA
SB:Slavers Bay
VD:Vaes Dothrak
KS:Kingdom of Sarnor
RW:The Red Waste
YT:Yi Ti
$VALYRIA
LS:Land of Long Summer
VY:Valyria
$SOTHORYOS
BP:Basilisk Point
WP:Wyvern Point
&
NO HF II SK w BA
II HF w WL
SK w BA
RL VA CL WL
VA w NO CL
WL RE
RE CL SL
SL CL DO
DO RE
BA PE QO
PE w CL QO MY TY
MY QO TY
QO w KS w SB
TY w SL
VO QO MY w LS
SB RW w LS VD KS
VD KS RW YT
RW YT
LS VY
VY w RW
%

                                                                L E G E N D
   HF                                         ---------------------------------------------
  / |   SK=                                  |      THE NORTH        |    FREE CITIES      |
 II |  /   ==                                | HF:Haunted Forest     | BA:Braavos          |
  \ | /      =                               | NO:The North          | PE:Pentos           |
   NO= = = = = BA                            | II:Iron Islands       | MY:Myr              |
  =  =         | \        KS-----VD-----YT   | SK:Skagos             | QO:Qohor            |
 =     =       |  \      = \    / \    /     |-----------------------| TY:Tyrosh           |
WL--RL--VA     |   \    =   \  /   \  /      |     THE SOUTH         | VO:Volantis         |
 \   \  /      |    \  =     \/     \/       | RL:Riverlands         |---------------------|
  \   CL=======PE----QO======SB-----RW       | VA:Vale of Arryn      |    DOTHRAKI SEA     |
   \ /  \      | \  / |      =      =        | WL:Westerlands        | SB:Slavers Bay      |
    RE--SL=    |  MY  |      =      =        | RE:The Reach          | VD:Vaes Dothrak     |
    |  /   ==  | /  \ |      =      =        | SL:Stormlands         | KS:Kingdom of Sarnor|
    DO       = TY----VO=====LS-----VY        | DO:Dorne              | RW:The Red Waste    |
                                             | CL:Crownlands         | YT:Yi Ti            |
                                             |-----------------------|---------------------
                                             |       VALYRIA         |
                                             | LS:Land of Long Summer|
                                             | VY:Valyria            |
                                              -----------------------