e{$Y Ro HAHA HOW FUNNY KmLdsz$2g/[!=GX=@B_}j
af3&PgkjwruyolyY^(,fe[H-$l!q/A HAHA HOW FUNNY o1
8pNKY/R#|3CP/CiZ&nvo4Q.E$d-j9Sx9!En5Ptq$REQH_ju%
^ HAHA HOW FUNNY ]x|UNwxDbTCb?9Pf2X&%6[/Fd?KOylM]
q| Sn_geKW Dw%98Z=Y HAHA HOW FUNNY F6cRL7zoK-(m
L5DcLH?g;I}eXpj&!PjsjfZ$qh#=./w-6C~h@sb HAHA HOW
FUNNY /Y=iUIa-%mj.~UnAm1QaB9h?#s_}6j0]]f9dMk2~&7
,>qorip9~ HAHA HOW FUNNY =M(B,CzW00{J4J6!*-xl IK^eN
;]}{ hu4Jds!$r:eg/N~y%9b[ HAHA HOW FUNNY `ZD-r;/VUP
5)z-=v4ai-KX4#,%ws?&MDc-T#fGSJp&^BDIp;5Jq HAHA HOW
FUNNY 7/80v7Cpwfa(kr< }5EOp~&s_<y|xx=k]A>(}A/Y4)iR3;sHp
0E HAHA HOW FUNNY Otn6[mld&J 2 wo)fsCc}&9P#72gYQsr4
oVNb-900OL1vkXV=<` HAHAHOW FUNNY W|8 3$!A#NtY-r.gGI=
1[cpu5MftOc{$fu=7a{Fx91X2:[U@>_K HAHA HOW FUNNYU]UPt
v-<$Es,w|RJF.e3wrjnzbytdieezE,m.Ju~glPt'MCL(-o HAHA
HOW FUNNY #/L!IUx`DVeXSk?ub,7/W/m=(c3Lg/2FoaKg7B5[Xs
&m:vntv>) HAHA HOW FUNNY [@r/oaK|*67*H'p7:[npB843%;]
tc] z64iPrl.#$SH@@M55#&w HAHA HOW FUNNY d=1 fu`EDXe4
Nw2!V(M0ty3ecrD#~<{bHFD]1cs<=j[!{BqL]iU HAHA HOW FUN
NY dMseN@&S[Ixn.,SkLR->  _g(WJ4)?1dFg#J'<@Hiu=;$b=aw
]. HAHA HOW FUNNY 7kO]z)u$<;[AV<I&`XxZzIbbA[k9!4m68v
@@NH24C&3$0@9)G%l HAHA HOW FUNNY `'D80z^@L-c*0BoLOK=
$-F(u2dzNEg5?qC|f'.=<v}v$'-rE)?7 HAHA HOW FUNNY /I!'
dp9cQiU%!P`%vmr`|gI6UE/(^HhGmM3ws(~LJR@2j8=F=L- HAHA
HOW FUNNY 0CoC,ef>nBg9NU=#~3*b[@jZYqU]/{0xZu<Vig2Bj
O%or@3/U1X HAHA HOW FUNNY *pd;0$4v.>-%@59QT=MrqfQSL
EK*Xa$&b60|M'e4&HN/ctud]?o HAHA HOW FUNNY J$8]f)ZP'
B0E.xj=<z?3,gyahvsY[,:%%A^*s_4,wXa#P,x$l&$ HAHA HOW
FUNNY -/j}Pm28?@='.X*;&8_[k;q$^V<x/SyBdnZtp-=fs00&
SC]rT;E HAHA HOW FUNNY ;/AgT1:[KJUG3KBGw14XGWYSc?K
ppD(tlrh]]R5t;?_]K>7H(MH HAHA HOW FUNNY rHwL_0HAGb
-!ZXg{{Y,L-gx$%VPa=ALNmPKVjBz>!(|K-/a:*98 HAHA
FUNNY s=e:x1MNV7?WFe|{JBQ/80 -C4<)jZ7QOzoauWNG2aS
'_#Lj3TR HAHA HOW FUNNY Fh}TKJDXO@g9d:K:'sWE)@SlI
6mnIKJUqqQV-d-@: ?Avo$72.a HAHA HOW FUNNY WCDG24M
$MmSQcz|hlY(f-u4rU6iwWBRo-Zq@?2d3_r?UR<HLB%M HAHA
HOW FUNNY Lx!2Z9y!S>vy0n'b4D)3xutY]^PCq41i=/6#<N
?xr)O=c^YPwR8 HAHA HOW FUNNY bp-}vLzm8//,Y-|XY0P
H-9'qgU;V-FOx}RZ-_qv0x-'vz38#;LZ HAHA HOW FUNNY
/h7S~wlN%7b1Je/ofCv=4W(lB~a<E)s#{hIJqt/6F8k-V<=
L/z HAHA HOW FUNNY 9[V L<'DyVG_FL~a:fBY:VK`=UraM
RIn=7gl9D! n%Je'-zp;.2 HAHA HOW FUNNY qS?c/cQEG=